../Core/Src/main.c:78:5:main	48	static
../Core/Src/main.c:135:6:delayInit	16	static
../Core/Src/main.c:145:8:delayRead	24	static
../Core/Src/main.c:169:6:delayWrite	16	static
../Core/Src/main.c:187:6:SystemClock_Config	88	static
../Core/Src/main.c:230:13:MX_ETH_Init	8	static
../Core/Src/main.c:278:13:MX_USART3_UART_Init	8	static
../Core/Src/main.c:309:13:MX_USB_OTG_FS_PCD_Init	8	static
../Core/Src/main.c:342:13:MX_GPIO_Init	56	static
../Core/Src/main.c:400:6:Error_Handler	4	static,ignoring_inline_asm
