../Core/Src/main.c:78:5:main	48	static
../Core/Src/main.c:134:6:delayInit	16	static
../Core/Src/main.c:143:8:delayRead	24	static
../Core/Src/main.c:166:6:delayWrite	16	static
../Core/Src/main.c:184:6:SystemClock_Config	88	static
../Core/Src/main.c:227:13:MX_ETH_Init	8	static
../Core/Src/main.c:275:13:MX_USART3_UART_Init	8	static
../Core/Src/main.c:306:13:MX_USB_OTG_FS_PCD_Init	8	static
../Core/Src/main.c:339:13:MX_GPIO_Init	56	static
../Core/Src/main.c:397:6:Error_Handler	4	static,ignoring_inline_asm
