08:16:04 **** Incremental Build of configuration Debug for project DAQ_Temp ****
make -j8 all 
arm-none-eabi-size  DAQ_Temp.elf 
   text	   data	    bss	    dec	    hex	filename
  26180	    128	   2256	  28564	   6f94	DAQ_Temp.elf
Finished building: default.size.stdout
 
10:03:39 **** Incremental Build of configuration Debug for project DAQ_Temp ****
make -j8 all 
arm-none-eabi-gcc "../Drivers/Utilities/Src/config.c" -mcpu=cortex-m4 -std=gnu11 -g3 -DDEBUG -DUSE_HAL_DRIVER -DSTM32F439xx -c -I../Core/Inc -I../Drivers/STM32F4xx_HAL_Driver/Inc -I../Drivers/STM32F4xx_HAL_Driver/Inc/Legacy -I../Drivers/CMSIS/Device/ST/STM32F4xx/Include -I../Drivers/CMSIS/Include -I"C:/Users/ASUS/Desktop/PdM_workspace/Proyectos/Trabajo_Practico_Final/DAQ_Temp/Drivers/API" -I"C:/Users/ASUS/Desktop/PdM_workspace/Proyectos/Trabajo_Practico_Final/DAQ_Temp/Drivers/API/Inc" -I"C:/Users/ASUS/Desktop/PdM_workspace/Proyectos/Trabajo_Practico_Final/DAQ_Temp/Drivers/STM32F4xx_HAL_Driver" -I"C:/Users/ASUS/Desktop/PdM_workspace/Proyectos/Trabajo_Practico_Final/DAQ_Temp/Drivers/STM32F4xx_HAL_Driver/Src" -I"C:/Users/ASUS/Desktop/PdM_workspace/Proyectos/Trabajo_Practico_Final/DAQ_Temp/Drivers/STM32F4xx_HAL_Driver/Inc" -I"C:/Users/ASUS/Desktop/PdM_workspace/Proyectos/Trabajo_Practico_Final/DAQ_Temp/Drivers/Utilities" -I"C:/Users/ASUS/Desktop/PdM_workspace/Proyectos/Trabajo_Practico_Final/DAQ_Temp/Drivers/Utilities/Src" -I"C:/Users/ASUS/Desktop/PdM_workspace/Proyectos/Trabajo_Practico_Final/DAQ_Temp/Drivers/Utilities/Inc" -O0 -ffunction-sections -fdata-sections -Wall -u _printf_float -fstack-usage -fcyclomatic-complexity -MMD -MP -MF"Drivers/Utilities/Src/config.d" -MT"Drivers/Utilities/Src/config.o" --specs=nano.specs -mfpu=fpv4-sp-d16 -mfloat-abi=hard -mthumb -o "Drivers/Utilities/Src/config.o"
arm-none-eabi-gcc "../Drivers/Utilities/Src/error_handler.c" -mcpu=cortex-m4 -std=gnu11 -g3 -DDEBUG -DUSE_HAL_DRIVER -DSTM32F439xx -c -I../Core/Inc -I../Drivers/STM32F4xx_HAL_Driver/Inc -I../Drivers/STM32F4xx_HAL_Driver/Inc/Legacy -I../Drivers/CMSIS/Device/ST/STM32F4xx/Include -I../Drivers/CMSIS/Include -I"C:/Users/ASUS/Desktop/PdM_workspace/Proyectos/Trabajo_Practico_Final/DAQ_Temp/Drivers/API" -I"C:/Users/ASUS/Desktop/PdM_workspace/Proyectos/Trabajo_Practico_Final/DAQ_Temp/Drivers/API/Inc" -I"C:/Users/ASUS/Desktop/PdM_workspace/Proyectos/Trabajo_Practico_Final/DAQ_Temp/Drivers/STM32F4xx_HAL_Driver" -I"C:/Users/ASUS/Desktop/PdM_workspace/Proyectos/Trabajo_Practico_Final/DAQ_Temp/Drivers/STM32F4xx_HAL_Driver/Src" -I"C:/Users/ASUS/Desktop/PdM_workspace/Proyectos/Trabajo_Practico_Final/DAQ_Temp/Drivers/STM32F4xx_HAL_Driver/Inc" -I"C:/Users/ASUS/Desktop/PdM_workspace/Proyectos/Trabajo_Practico_Final/DAQ_Temp/Drivers/Utilities" -I"C:/Users/ASUS/Desktop/PdM_workspace/Proyectos/Trabajo_Practico_Final/DAQ_Temp/Drivers/Utilities/Src" -I"C:/Users/ASUS/Desktop/PdM_workspace/Proyectos/Trabajo_Practico_Final/DAQ_Temp/Drivers/Utilities/Inc" -O0 -ffunction-sections -fdata-sections -Wall -u _printf_float -fstack-usage -fcyclomatic-complexity -MMD -MP -MF"Drivers/Utilities/Src/error_handler.d" -MT"Drivers/Utilities/Src/error_handler.o" --specs=nano.specs -mfpu=fpv4-sp-d16 -mfloat-abi=hard -mthumb -o "Drivers/Utilities/Src/error_handler.o"
arm-none-eabi-gcc "../Drivers/Utilities/Src/typedefs.c" -mcpu=cortex-m4 -std=gnu11 -g3 -DDEBUG -DUSE_HAL_DRIVER -DSTM32F439xx -c -I../Core/Inc -I../Drivers/STM32F4xx_HAL_Driver/Inc -I../Drivers/STM32F4xx_HAL_Driver/Inc/Legacy -I../Drivers/CMSIS/Device/ST/STM32F4xx/Include -I../Drivers/CMSIS/Include -I"C:/Users/ASUS/Desktop/PdM_workspace/Proyectos/Trabajo_Practico_Final/DAQ_Temp/Drivers/API" -I"C:/Users/ASUS/Desktop/PdM_workspace/Proyectos/Trabajo_Practico_Final/DAQ_Temp/Drivers/API/Inc" -I"C:/Users/ASUS/Desktop/PdM_workspace/Proyectos/Trabajo_Practico_Final/DAQ_Temp/Drivers/STM32F4xx_HAL_Driver" -I"C:/Users/ASUS/Desktop/PdM_workspace/Proyectos/Trabajo_Practico_Final/DAQ_Temp/Drivers/STM32F4xx_HAL_Driver/Src" -I"C:/Users/ASUS/Desktop/PdM_workspace/Proyectos/Trabajo_Practico_Final/DAQ_Temp/Drivers/STM32F4xx_HAL_Driver/Inc" -I"C:/Users/ASUS/Desktop/PdM_workspace/Proyectos/Trabajo_Practico_Final/DAQ_Temp/Drivers/Utilities" -I"C:/Users/ASUS/Desktop/PdM_workspace/Proyectos/Trabajo_Practico_Final/DAQ_Temp/Drivers/Utilities/Src" -I"C:/Users/ASUS/Desktop/PdM_workspace/Proyectos/Trabajo_Practico_Final/DAQ_Temp/Drivers/Utilities/Inc" -O0 -ffunction-sections -fdata-sections -Wall -u _printf_float -fstack-usage -fcyclomatic-complexity -MMD -MP -MF"Drivers/Utilities/Src/typedefs.d" -MT"Drivers/Utilities/Src/typedefs.o" --specs=nano.specs -mfpu=fpv4-sp-d16 -mfloat-abi=hard -mthumb -o "Drivers/Utilities/Src/typedefs.o"
arm-none-eabi-gcc "../Drivers/STM32F4xx_HAL_Driver/Src/stm32f4xx_hal.c" -mcpu=cortex-m4 -std=gnu11 -g3 -DDEBUG -DUSE_HAL_DRIVER -DSTM32F439xx -c -I../Core/Inc -I../Drivers/STM32F4xx_HAL_Driver/Inc -I../Drivers/STM32F4xx_HAL_Driver/Inc/Legacy -I../Drivers/CMSIS/Device/ST/STM32F4xx/Include -I../Drivers/CMSIS/Include -I"C:/Users/ASUS/Desktop/PdM_workspace/Proyectos/Trabajo_Practico_Final/DAQ_Temp/Drivers/API" -I"C:/Users/ASUS/Desktop/PdM_workspace/Proyectos/Trabajo_Practico_Final/DAQ_Temp/Drivers/API/Inc" -I"C:/Users/ASUS/Desktop/PdM_workspace/Proyectos/Trabajo_Practico_Final/DAQ_Temp/Drivers/STM32F4xx_HAL_Driver" -I"C:/Users/ASUS/Desktop/PdM_workspace/Proyectos/Trabajo_Practico_Final/DAQ_Temp/Drivers/STM32F4xx_HAL_Driver/Src" -I"C:/Users/ASUS/Desktop/PdM_workspace/Proyectos/Trabajo_Practico_Final/DAQ_Temp/Drivers/STM32F4xx_HAL_Driver/Inc" -I"C:/Users/ASUS/Desktop/PdM_workspace/Proyectos/Trabajo_Practico_Final/DAQ_Temp/Drivers/Utilities" -I"C:/Users/ASUS/Desktop/PdM_workspace/Proyectos/Trabajo_Practico_Final/DAQ_Temp/Drivers/Utilities/Src" -I"C:/Users/ASUS/Desktop/PdM_workspace/Proyectos/Trabajo_Practico_Final/DAQ_Temp/Drivers/Utilities/Inc" -O0 -ffunction-sections -fdata-sections -Wall -u _printf_float -fstack-usage -fcyclomatic-complexity -MMD -MP -MF"Drivers/STM32F4xx_HAL_Driver/Src/stm32f4xx_hal.d" -MT"Drivers/STM32F4xx_HAL_Driver/Src/stm32f4xx_hal.o" --specs=nano.specs -mfpu=fpv4-sp-d16 -mfloat-abi=hard -mthumb -o "Drivers/STM32F4xx_HAL_Driver/Src/stm32f4xx_hal.o"
arm-none-eabi-gcc "../Drivers/STM32F4xx_HAL_Driver/Src/stm32f4xx_hal_cortex.c" -mcpu=cortex-m4 -std=gnu11 -g3 -DDEBUG -DUSE_HAL_DRIVER -DSTM32F439xx -c -I../Core/Inc -I../Drivers/STM32F4xx_HAL_Driver/Inc -I../Drivers/STM32F4xx_HAL_Driver/Inc/Legacy -I../Drivers/CMSIS/Device/ST/STM32F4xx/Include -I../Drivers/CMSIS/Include -I"C:/Users/ASUS/Desktop/PdM_workspace/Proyectos/Trabajo_Practico_Final/DAQ_Temp/Drivers/API" -I"C:/Users/ASUS/Desktop/PdM_workspace/Proyectos/Trabajo_Practico_Final/DAQ_Temp/Drivers/API/Inc" -I"C:/Users/ASUS/Desktop/PdM_workspace/Proyectos/Trabajo_Practico_Final/DAQ_Temp/Drivers/STM32F4xx_HAL_Driver" -I"C:/Users/ASUS/Desktop/PdM_workspace/Proyectos/Trabajo_Practico_Final/DAQ_Temp/Drivers/STM32F4xx_HAL_Driver/Src" -I"C:/Users/ASUS/Desktop/PdM_workspace/Proyectos/Trabajo_Practico_Final/DAQ_Temp/Drivers/STM32F4xx_HAL_Driver/Inc" -I"C:/Users/ASUS/Desktop/PdM_workspace/Proyectos/Trabajo_Practico_Final/DAQ_Temp/Drivers/Utilities" -I"C:/Users/ASUS/Desktop/PdM_workspace/Proyectos/Trabajo_Practico_Final/DAQ_Temp/Drivers/Utilities/Src" -I"C:/Users/ASUS/Desktop/PdM_workspace/Proyectos/Trabajo_Practico_Final/DAQ_Temp/Drivers/Utilities/Inc" -O0 -ffunction-sections -fdata-sections -Wall -u _printf_float -fstack-usage -fcyclomatic-complexity -MMD -MP -MF"Drivers/STM32F4xx_HAL_Driver/Src/stm32f4xx_hal_cortex.d" -MT"Drivers/STM32F4xx_HAL_Driver/Src/stm32f4xx_hal_cortex.o" --specs=nano.specs -mfpu=fpv4-sp-d16 -mfloat-abi=hard -mthumb -o "Drivers/STM32F4xx_HAL_Driver/Src/stm32f4xx_hal_cortex.o"
arm-none-eabi-gcc "../Drivers/STM32F4xx_HAL_Driver/Src/stm32f4xx_hal_dma.c" -mcpu=cortex-m4 -std=gnu11 -g3 -DDEBUG -DUSE_HAL_DRIVER -DSTM32F439xx -c -I../Core/Inc -I../Drivers/STM32F4xx_HAL_Driver/Inc -I../Drivers/STM32F4xx_HAL_Driver/Inc/Legacy -I../Drivers/CMSIS/Device/ST/STM32F4xx/Include -I../Drivers/CMSIS/Include -I"C:/Users/ASUS/Desktop/PdM_workspace/Proyectos/Trabajo_Practico_Final/DAQ_Temp/Drivers/API" -I"C:/Users/ASUS/Desktop/PdM_workspace/Proyectos/Trabajo_Practico_Final/DAQ_Temp/Drivers/API/Inc" -I"C:/Users/ASUS/Desktop/PdM_workspace/Proyectos/Trabajo_Practico_Final/DAQ_Temp/Drivers/STM32F4xx_HAL_Driver" -I"C:/Users/ASUS/Desktop/PdM_workspace/Proyectos/Trabajo_Practico_Final/DAQ_Temp/Drivers/STM32F4xx_HAL_Driver/Src" -I"C:/Users/ASUS/Desktop/PdM_workspace/Proyectos/Trabajo_Practico_Final/DAQ_Temp/Drivers/STM32F4xx_HAL_Driver/Inc" -I"C:/Users/ASUS/Desktop/PdM_workspace/Proyectos/Trabajo_Practico_Final/DAQ_Temp/Drivers/Utilities" -I"C:/Users/ASUS/Desktop/PdM_workspace/Proyectos/Trabajo_Practico_Final/DAQ_Temp/Drivers/Utilities/Src" -I"C:/Users/ASUS/Desktop/PdM_workspace/Proyectos/Trabajo_Practico_Final/DAQ_Temp/Drivers/Utilities/Inc" -O0 -ffunction-sections -fdata-sections -Wall -u _printf_float -fstack-usage -fcyclomatic-complexity -MMD -MP -MF"Drivers/STM32F4xx_HAL_Driver/Src/stm32f4xx_hal_dma.d" -MT"Drivers/STM32F4xx_HAL_Driver/Src/stm32f4xx_hal_dma.o" --specs=nano.specs -mfpu=fpv4-sp-d16 -mfloat-abi=hard -mthumb -o "Drivers/STM32F4xx_HAL_Driver/Src/stm32f4xx_hal_dma.o"
arm-none-eabi-gcc "../Drivers/STM32F4xx_HAL_Driver/Src/stm32f4xx_hal_dma_ex.c" -mcpu=cortex-m4 -std=gnu11 -g3 -DDEBUG -DUSE_HAL_DRIVER -DSTM32F439xx -c -I../Core/Inc -I../Drivers/STM32F4xx_HAL_Driver/Inc -I../Drivers/STM32F4xx_HAL_Driver/Inc/Legacy -I../Drivers/CMSIS/Device/ST/STM32F4xx/Include -I../Drivers/CMSIS/Include -I"C:/Users/ASUS/Desktop/PdM_workspace/Proyectos/Trabajo_Practico_Final/DAQ_Temp/Drivers/API" -I"C:/Users/ASUS/Desktop/PdM_workspace/Proyectos/Trabajo_Practico_Final/DAQ_Temp/Drivers/API/Inc" -I"C:/Users/ASUS/Desktop/PdM_workspace/Proyectos/Trabajo_Practico_Final/DAQ_Temp/Drivers/STM32F4xx_HAL_Driver" -I"C:/Users/ASUS/Desktop/PdM_workspace/Proyectos/Trabajo_Practico_Final/DAQ_Temp/Drivers/STM32F4xx_HAL_Driver/Src" -I"C:/Users/ASUS/Desktop/PdM_workspace/Proyectos/Trabajo_Practico_Final/DAQ_Temp/Drivers/STM32F4xx_HAL_Driver/Inc" -I"C:/Users/ASUS/Desktop/PdM_workspace/Proyectos/Trabajo_Practico_Final/DAQ_Temp/Drivers/Utilities" -I"C:/Users/ASUS/Desktop/PdM_workspace/Proyectos/Trabajo_Practico_Final/DAQ_Temp/Drivers/Utilities/Src" -I"C:/Users/ASUS/Desktop/PdM_workspace/Proyectos/Trabajo_Practico_Final/DAQ_Temp/Drivers/Utilities/Inc" -O0 -ffunction-sections -fdata-sections -Wall -u _printf_float -fstack-usage -fcyclomatic-complexity -MMD -MP -MF"Drivers/STM32F4xx_HAL_Driver/Src/stm32f4xx_hal_dma_ex.d" -MT"Drivers/STM32F4xx_HAL_Driver/Src/stm32f4xx_hal_dma_ex.o" --specs=nano.specs -mfpu=fpv4-sp-d16 -mfloat-abi=hard -mthumb -o "Drivers/STM32F4xx_HAL_Driver/Src/stm32f4xx_hal_dma_ex.o"
arm-none-eabi-gcc "../Drivers/STM32F4xx_HAL_Driver/Src/stm32f4xx_hal_exti.c" -mcpu=cortex-m4 -std=gnu11 -g3 -DDEBUG -DUSE_HAL_DRIVER -DSTM32F439xx -c -I../Core/Inc -I../Drivers/STM32F4xx_HAL_Driver/Inc -I../Drivers/STM32F4xx_HAL_Driver/Inc/Legacy -I../Drivers/CMSIS/Device/ST/STM32F4xx/Include -I../Drivers/CMSIS/Include -I"C:/Users/ASUS/Desktop/PdM_workspace/Proyectos/Trabajo_Practico_Final/DAQ_Temp/Drivers/API" -I"C:/Users/ASUS/Desktop/PdM_workspace/Proyectos/Trabajo_Practico_Final/DAQ_Temp/Drivers/API/Inc" -I"C:/Users/ASUS/Desktop/PdM_workspace/Proyectos/Trabajo_Practico_Final/DAQ_Temp/Drivers/STM32F4xx_HAL_Driver" -I"C:/Users/ASUS/Desktop/PdM_workspace/Proyectos/Trabajo_Practico_Final/DAQ_Temp/Drivers/STM32F4xx_HAL_Driver/Src" -I"C:/Users/ASUS/Desktop/PdM_workspace/Proyectos/Trabajo_Practico_Final/DAQ_Temp/Drivers/STM32F4xx_HAL_Driver/Inc" -I"C:/Users/ASUS/Desktop/PdM_workspace/Proyectos/Trabajo_Practico_Final/DAQ_Temp/Drivers/Utilities" -I"C:/Users/ASUS/Desktop/PdM_workspace/Proyectos/Trabajo_Practico_Final/DAQ_Temp/Drivers/Utilities/Src" -I"C:/Users/ASUS/Desktop/PdM_workspace/Proyectos/Trabajo_Practico_Final/DAQ_Temp/Drivers/Utilities/Inc" -O0 -ffunction-sections -fdata-sections -Wall -u _printf_float -fstack-usage -fcyclomatic-complexity -MMD -MP -MF"Drivers/STM32F4xx_HAL_Driver/Src/stm32f4xx_hal_exti.d" -MT"Drivers/STM32F4xx_HAL_Driver/Src/stm32f4xx_hal_exti.o" --specs=nano.specs -mfpu=fpv4-sp-d16 -mfloat-abi=hard -mthumb -o "Drivers/STM32F4xx_HAL_Driver/Src/stm32f4xx_hal_exti.o"
arm-none-eabi-gcc "../Drivers/STM32F4xx_HAL_Driver/Src/stm32f4xx_hal_flash.c" -mcpu=cortex-m4 -std=gnu11 -g3 -DDEBUG -DUSE_HAL_DRIVER -DSTM32F439xx -c -I../Core/Inc -I../Drivers/STM32F4xx_HAL_Driver/Inc -I../Drivers/STM32F4xx_HAL_Driver/Inc/Legacy -I../Drivers/CMSIS/Device/ST/STM32F4xx/Include -I../Drivers/CMSIS/Include -I"C:/Users/ASUS/Desktop/PdM_workspace/Proyectos/Trabajo_Practico_Final/DAQ_Temp/Drivers/API" -I"C:/Users/ASUS/Desktop/PdM_workspace/Proyectos/Trabajo_Practico_Final/DAQ_Temp/Drivers/API/Inc" -I"C:/Users/ASUS/Desktop/PdM_workspace/Proyectos/Trabajo_Practico_Final/DAQ_Temp/Drivers/STM32F4xx_HAL_Driver" -I"C:/Users/ASUS/Desktop/PdM_workspace/Proyectos/Trabajo_Practico_Final/DAQ_Temp/Drivers/STM32F4xx_HAL_Driver/Src" -I"C:/Users/ASUS/Desktop/PdM_workspace/Proyectos/Trabajo_Practico_Final/DAQ_Temp/Drivers/STM32F4xx_HAL_Driver/Inc" -I"C:/Users/ASUS/Desktop/PdM_workspace/Proyectos/Trabajo_Practico_Final/DAQ_Temp/Drivers/Utilities" -I"C:/Users/ASUS/Desktop/PdM_workspace/Proyectos/Trabajo_Practico_Final/DAQ_Temp/Drivers/Utilities/Src" -I"C:/Users/ASUS/Desktop/PdM_workspace/Proyectos/Trabajo_Practico_Final/DAQ_Temp/Drivers/Utilities/Inc" -O0 -ffunction-sections -fdata-sections -Wall -u _printf_float -fstack-usage -fcyclomatic-complexity -MMD -MP -MF"Drivers/STM32F4xx_HAL_Driver/Src/stm32f4xx_hal_flash.d" -MT"Drivers/STM32F4xx_HAL_Driver/Src/stm32f4xx_hal_flash.o" --specs=nano.specs -mfpu=fpv4-sp-d16 -mfloat-abi=hard -mthumb -o "Drivers/STM32F4xx_HAL_Driver/Src/stm32f4xx_hal_flash.o"
arm-none-eabi-gcc "../Drivers/STM32F4xx_HAL_Driver/Src/stm32f4xx_hal_flash_ex.c" -mcpu=cortex-m4 -std=gnu11 -g3 -DDEBUG -DUSE_HAL_DRIVER -DSTM32F439xx -c -I../Core/Inc -I../Drivers/STM32F4xx_HAL_Driver/Inc -I../Drivers/STM32F4xx_HAL_Driver/Inc/Legacy -I../Drivers/CMSIS/Device/ST/STM32F4xx/Include -I../Drivers/CMSIS/Include -I"C:/Users/ASUS/Desktop/PdM_workspace/Proyectos/Trabajo_Practico_Final/DAQ_Temp/Drivers/API" -I"C:/Users/ASUS/Desktop/PdM_workspace/Proyectos/Trabajo_Practico_Final/DAQ_Temp/Drivers/API/Inc" -I"C:/Users/ASUS/Desktop/PdM_workspace/Proyectos/Trabajo_Practico_Final/DAQ_Temp/Drivers/STM32F4xx_HAL_Driver" -I"C:/Users/ASUS/Desktop/PdM_workspace/Proyectos/Trabajo_Practico_Final/DAQ_Temp/Drivers/STM32F4xx_HAL_Driver/Src" -I"C:/Users/ASUS/Desktop/PdM_workspace/Proyectos/Trabajo_Practico_Final/DAQ_Temp/Drivers/STM32F4xx_HAL_Driver/Inc" -I"C:/Users/ASUS/Desktop/PdM_workspace/Proyectos/Trabajo_Practico_Final/DAQ_Temp/Drivers/Utilities" -I"C:/Users/ASUS/Desktop/PdM_workspace/Proyectos/Trabajo_Practico_Final/DAQ_Temp/Drivers/Utilities/Src" -I"C:/Users/ASUS/Desktop/PdM_workspace/Proyectos/Trabajo_Practico_Final/DAQ_Temp/Drivers/Utilities/Inc" -O0 -ffunction-sections -fdata-sections -Wall -u _printf_float -fstack-usage -fcyclomatic-complexity -MMD -MP -MF"Drivers/STM32F4xx_HAL_Driver/Src/stm32f4xx_hal_flash_ex.d" -MT"Drivers/STM32F4xx_HAL_Driver/Src/stm32f4xx_hal_flash_ex.o" --specs=nano.specs -mfpu=fpv4-sp-d16 -mfloat-abi=hard -mthumb -o "Drivers/STM32F4xx_HAL_Driver/Src/stm32f4xx_hal_flash_ex.o"
arm-none-eabi-gcc "../Drivers/STM32F4xx_HAL_Driver/Src/stm32f4xx_hal_flash_ramfunc.c" -mcpu=cortex-m4 -std=gnu11 -g3 -DDEBUG -DUSE_HAL_DRIVER -DSTM32F439xx -c -I../Core/Inc -I../Drivers/STM32F4xx_HAL_Driver/Inc -I../Drivers/STM32F4xx_HAL_Driver/Inc/Legacy -I../Drivers/CMSIS/Device/ST/STM32F4xx/Include -I../Drivers/CMSIS/Include -I"C:/Users/ASUS/Desktop/PdM_workspace/Proyectos/Trabajo_Practico_Final/DAQ_Temp/Drivers/API" -I"C:/Users/ASUS/Desktop/PdM_workspace/Proyectos/Trabajo_Practico_Final/DAQ_Temp/Drivers/API/Inc" -I"C:/Users/ASUS/Desktop/PdM_workspace/Proyectos/Trabajo_Practico_Final/DAQ_Temp/Drivers/STM32F4xx_HAL_Driver" -I"C:/Users/ASUS/Desktop/PdM_workspace/Proyectos/Trabajo_Practico_Final/DAQ_Temp/Drivers/STM32F4xx_HAL_Driver/Src" -I"C:/Users/ASUS/Desktop/PdM_workspace/Proyectos/Trabajo_Practico_Final/DAQ_Temp/Drivers/STM32F4xx_HAL_Driver/Inc" -I"C:/Users/ASUS/Desktop/PdM_workspace/Proyectos/Trabajo_Practico_Final/DAQ_Temp/Drivers/Utilities" -I"C:/Users/ASUS/Desktop/PdM_workspace/Proyectos/Trabajo_Practico_Final/DAQ_Temp/Drivers/Utilities/Src" -I"C:/Users/ASUS/Desktop/PdM_workspace/Proyectos/Trabajo_Practico_Final/DAQ_Temp/Drivers/Utilities/Inc" -O0 -ffunction-sections -fdata-sections -Wall -u _printf_float -fstack-usage -fcyclomatic-complexity -MMD -MP -MF"Drivers/STM32F4xx_HAL_Driver/Src/stm32f4xx_hal_flash_ramfunc.d" -MT"Drivers/STM32F4xx_HAL_Driver/Src/stm32f4xx_hal_flash_ramfunc.o" --specs=nano.specs -mfpu=fpv4-sp-d16 -mfloat-abi=hard -mthumb -o "Drivers/STM32F4xx_HAL_Driver/Src/stm32f4xx_hal_flash_ramfunc.o"
arm-none-eabi-gcc "../Drivers/STM32F4xx_HAL_Driver/Src/stm32f4xx_hal_gpio.c" -mcpu=cortex-m4 -std=gnu11 -g3 -DDEBUG -DUSE_HAL_DRIVER -DSTM32F439xx -c -I../Core/Inc -I../Drivers/STM32F4xx_HAL_Driver/Inc -I../Drivers/STM32F4xx_HAL_Driver/Inc/Legacy -I../Drivers/CMSIS/Device/ST/STM32F4xx/Include -I../Drivers/CMSIS/Include -I"C:/Users/ASUS/Desktop/PdM_workspace/Proyectos/Trabajo_Practico_Final/DAQ_Temp/Drivers/API" -I"C:/Users/ASUS/Desktop/PdM_workspace/Proyectos/Trabajo_Practico_Final/DAQ_Temp/Drivers/API/Inc" -I"C:/Users/ASUS/Desktop/PdM_workspace/Proyectos/Trabajo_Practico_Final/DAQ_Temp/Drivers/STM32F4xx_HAL_Driver" -I"C:/Users/ASUS/Desktop/PdM_workspace/Proyectos/Trabajo_Practico_Final/DAQ_Temp/Drivers/STM32F4xx_HAL_Driver/Src" -I"C:/Users/ASUS/Desktop/PdM_workspace/Proyectos/Trabajo_Practico_Final/DAQ_Temp/Drivers/STM32F4xx_HAL_Driver/Inc" -I"C:/Users/ASUS/Desktop/PdM_workspace/Proyectos/Trabajo_Practico_Final/DAQ_Temp/Drivers/Utilities" -I"C:/Users/ASUS/Desktop/PdM_workspace/Proyectos/Trabajo_Practico_Final/DAQ_Temp/Drivers/Utilities/Src" -I"C:/Users/ASUS/Desktop/PdM_workspace/Proyectos/Trabajo_Practico_Final/DAQ_Temp/Drivers/Utilities/Inc" -O0 -ffunction-sections -fdata-sections -Wall -u _printf_float -fstack-usage -fcyclomatic-complexity -MMD -MP -MF"Drivers/STM32F4xx_HAL_Driver/Src/stm32f4xx_hal_gpio.d" -MT"Drivers/STM32F4xx_HAL_Driver/Src/stm32f4xx_hal_gpio.o" --specs=nano.specs -mfpu=fpv4-sp-d16 -mfloat-abi=hard -mthumb -o "Drivers/STM32F4xx_HAL_Driver/Src/stm32f4xx_hal_gpio.o"
arm-none-eabi-gcc "../Drivers/STM32F4xx_HAL_Driver/Src/stm32f4xx_hal_pwr.c" -mcpu=cortex-m4 -std=gnu11 -g3 -DDEBUG -DUSE_HAL_DRIVER -DSTM32F439xx -c -I../Core/Inc -I../Drivers/STM32F4xx_HAL_Driver/Inc -I../Drivers/STM32F4xx_HAL_Driver/Inc/Legacy -I../Drivers/CMSIS/Device/ST/STM32F4xx/Include -I../Drivers/CMSIS/Include -I"C:/Users/ASUS/Desktop/PdM_workspace/Proyectos/Trabajo_Practico_Final/DAQ_Temp/Drivers/API" -I"C:/Users/ASUS/Desktop/PdM_workspace/Proyectos/Trabajo_Practico_Final/DAQ_Temp/Drivers/API/Inc" -I"C:/Users/ASUS/Desktop/PdM_workspace/Proyectos/Trabajo_Practico_Final/DAQ_Temp/Drivers/STM32F4xx_HAL_Driver" -I"C:/Users/ASUS/Desktop/PdM_workspace/Proyectos/Trabajo_Practico_Final/DAQ_Temp/Drivers/STM32F4xx_HAL_Driver/Src" -I"C:/Users/ASUS/Desktop/PdM_workspace/Proyectos/Trabajo_Practico_Final/DAQ_Temp/Drivers/STM32F4xx_HAL_Driver/Inc" -I"C:/Users/ASUS/Desktop/PdM_workspace/Proyectos/Trabajo_Practico_Final/DAQ_Temp/Drivers/Utilities" -I"C:/Users/ASUS/Desktop/PdM_workspace/Proyectos/Trabajo_Practico_Final/DAQ_Temp/Drivers/Utilities/Src" -I"C:/Users/ASUS/Desktop/PdM_workspace/Proyectos/Trabajo_Practico_Final/DAQ_Temp/Drivers/Utilities/Inc" -O0 -ffunction-sections -fdata-sections -Wall -u _printf_float -fstack-usage -fcyclomatic-complexity -MMD -MP -MF"Drivers/STM32F4xx_HAL_Driver/Src/stm32f4xx_hal_pwr.d" -MT"Drivers/STM32F4xx_HAL_Driver/Src/stm32f4xx_hal_pwr.o" --specs=nano.specs -mfpu=fpv4-sp-d16 -mfloat-abi=hard -mthumb -o "Drivers/STM32F4xx_HAL_Driver/Src/stm32f4xx_hal_pwr.o"
arm-none-eabi-gcc "../Drivers/STM32F4xx_HAL_Driver/Src/stm32f4xx_hal_pwr_ex.c" -mcpu=cortex-m4 -std=gnu11 -g3 -DDEBUG -DUSE_HAL_DRIVER -DSTM32F439xx -c -I../Core/Inc -I../Drivers/STM32F4xx_HAL_Driver/Inc -I../Drivers/STM32F4xx_HAL_Driver/Inc/Legacy -I../Drivers/CMSIS/Device/ST/STM32F4xx/Include -I../Drivers/CMSIS/Include -I"C:/Users/ASUS/Desktop/PdM_workspace/Proyectos/Trabajo_Practico_Final/DAQ_Temp/Drivers/API" -I"C:/Users/ASUS/Desktop/PdM_workspace/Proyectos/Trabajo_Practico_Final/DAQ_Temp/Drivers/API/Inc" -I"C:/Users/ASUS/Desktop/PdM_workspace/Proyectos/Trabajo_Practico_Final/DAQ_Temp/Drivers/STM32F4xx_HAL_Driver" -I"C:/Users/ASUS/Desktop/PdM_workspace/Proyectos/Trabajo_Practico_Final/DAQ_Temp/Drivers/STM32F4xx_HAL_Driver/Src" -I"C:/Users/ASUS/Desktop/PdM_workspace/Proyectos/Trabajo_Practico_Final/DAQ_Temp/Drivers/STM32F4xx_HAL_Driver/Inc" -I"C:/Users/ASUS/Desktop/PdM_workspace/Proyectos/Trabajo_Practico_Final/DAQ_Temp/Drivers/Utilities" -I"C:/Users/ASUS/Desktop/PdM_workspace/Proyectos/Trabajo_Practico_Final/DAQ_Temp/Drivers/Utilities/Src" -I"C:/Users/ASUS/Desktop/PdM_workspace/Proyectos/Trabajo_Practico_Final/DAQ_Temp/Drivers/Utilities/Inc" -O0 -ffunction-sections -fdata-sections -Wall -u _printf_float -fstack-usage -fcyclomatic-complexity -MMD -MP -MF"Drivers/STM32F4xx_HAL_Driver/Src/stm32f4xx_hal_pwr_ex.d" -MT"Drivers/STM32F4xx_HAL_Driver/Src/stm32f4xx_hal_pwr_ex.o" --specs=nano.specs -mfpu=fpv4-sp-d16 -mfloat-abi=hard -mthumb -o "Drivers/STM32F4xx_HAL_Driver/Src/stm32f4xx_hal_pwr_ex.o"
arm-none-eabi-gcc "../Drivers/STM32F4xx_HAL_Driver/Src/stm32f4xx_hal_rcc.c" -mcpu=cortex-m4 -std=gnu11 -g3 -DDEBUG -DUSE_HAL_DRIVER -DSTM32F439xx -c -I../Core/Inc -I../Drivers/STM32F4xx_HAL_Driver/Inc -I../Drivers/STM32F4xx_HAL_Driver/Inc/Legacy -I../Drivers/CMSIS/Device/ST/STM32F4xx/Include -I../Drivers/CMSIS/Include -I"C:/Users/ASUS/Desktop/PdM_workspace/Proyectos/Trabajo_Practico_Final/DAQ_Temp/Drivers/API" -I"C:/Users/ASUS/Desktop/PdM_workspace/Proyectos/Trabajo_Practico_Final/DAQ_Temp/Drivers/API/Inc" -I"C:/Users/ASUS/Desktop/PdM_workspace/Proyectos/Trabajo_Practico_Final/DAQ_Temp/Drivers/STM32F4xx_HAL_Driver" -I"C:/Users/ASUS/Desktop/PdM_workspace/Proyectos/Trabajo_Practico_Final/DAQ_Temp/Drivers/STM32F4xx_HAL_Driver/Src" -I"C:/Users/ASUS/Desktop/PdM_workspace/Proyectos/Trabajo_Practico_Final/DAQ_Temp/Drivers/STM32F4xx_HAL_Driver/Inc" -I"C:/Users/ASUS/Desktop/PdM_workspace/Proyectos/Trabajo_Practico_Final/DAQ_Temp/Drivers/Utilities" -I"C:/Users/ASUS/Desktop/PdM_workspace/Proyectos/Trabajo_Practico_Final/DAQ_Temp/Drivers/Utilities/Src" -I"C:/Users/ASUS/Desktop/PdM_workspace/Proyectos/Trabajo_Practico_Final/DAQ_Temp/Drivers/Utilities/Inc" -O0 -ffunction-sections -fdata-sections -Wall -u _printf_float -fstack-usage -fcyclomatic-complexity -MMD -MP -MF"Drivers/STM32F4xx_HAL_Driver/Src/stm32f4xx_hal_rcc.d" -MT"Drivers/STM32F4xx_HAL_Driver/Src/stm32f4xx_hal_rcc.o" --specs=nano.specs -mfpu=fpv4-sp-d16 -mfloat-abi=hard -mthumb -o "Drivers/STM32F4xx_HAL_Driver/Src/stm32f4xx_hal_rcc.o"
arm-none-eabi-gcc "../Drivers/STM32F4xx_HAL_Driver/Src/stm32f4xx_hal_rcc_ex.c" -mcpu=cortex-m4 -std=gnu11 -g3 -DDEBUG -DUSE_HAL_DRIVER -DSTM32F439xx -c -I../Core/Inc -I../Drivers/STM32F4xx_HAL_Driver/Inc -I../Drivers/STM32F4xx_HAL_Driver/Inc/Legacy -I../Drivers/CMSIS/Device/ST/STM32F4xx/Include -I../Drivers/CMSIS/Include -I"C:/Users/ASUS/Desktop/PdM_workspace/Proyectos/Trabajo_Practico_Final/DAQ_Temp/Drivers/API" -I"C:/Users/ASUS/Desktop/PdM_workspace/Proyectos/Trabajo_Practico_Final/DAQ_Temp/Drivers/API/Inc" -I"C:/Users/ASUS/Desktop/PdM_workspace/Proyectos/Trabajo_Practico_Final/DAQ_Temp/Drivers/STM32F4xx_HAL_Driver" -I"C:/Users/ASUS/Desktop/PdM_workspace/Proyectos/Trabajo_Practico_Final/DAQ_Temp/Drivers/STM32F4xx_HAL_Driver/Src" -I"C:/Users/ASUS/Desktop/PdM_workspace/Proyectos/Trabajo_Practico_Final/DAQ_Temp/Drivers/STM32F4xx_HAL_Driver/Inc" -I"C:/Users/ASUS/Desktop/PdM_workspace/Proyectos/Trabajo_Practico_Final/DAQ_Temp/Drivers/Utilities" -I"C:/Users/ASUS/Desktop/PdM_workspace/Proyectos/Trabajo_Practico_Final/DAQ_Temp/Drivers/Utilities/Src" -I"C:/Users/ASUS/Desktop/PdM_workspace/Proyectos/Trabajo_Practico_Final/DAQ_Temp/Drivers/Utilities/Inc" -O0 -ffunction-sections -fdata-sections -Wall -u _printf_float -fstack-usage -fcyclomatic-complexity -MMD -MP -MF"Drivers/STM32F4xx_HAL_Driver/Src/stm32f4xx_hal_rcc_ex.d" -MT"Drivers/STM32F4xx_HAL_Driver/Src/stm32f4xx_hal_rcc_ex.o" --specs=nano.specs -mfpu=fpv4-sp-d16 -mfloat-abi=hard -mthumb -o "Drivers/STM32F4xx_HAL_Driver/Src/stm32f4xx_hal_rcc_ex.o"
arm-none-eabi-gcc "../Drivers/STM32F4xx_HAL_Driver/Src/stm32f4xx_hal_spi.c" -mcpu=cortex-m4 -std=gnu11 -g3 -DDEBUG -DUSE_HAL_DRIVER -DSTM32F439xx -c -I../Core/Inc -I../Drivers/STM32F4xx_HAL_Driver/Inc -I../Drivers/STM32F4xx_HAL_Driver/Inc/Legacy -I../Drivers/CMSIS/Device/ST/STM32F4xx/Include -I../Drivers/CMSIS/Include -I"C:/Users/ASUS/Desktop/PdM_workspace/Proyectos/Trabajo_Practico_Final/DAQ_Temp/Drivers/API" -I"C:/Users/ASUS/Desktop/PdM_workspace/Proyectos/Trabajo_Practico_Final/DAQ_Temp/Drivers/API/Inc" -I"C:/Users/ASUS/Desktop/PdM_workspace/Proyectos/Trabajo_Practico_Final/DAQ_Temp/Drivers/STM32F4xx_HAL_Driver" -I"C:/Users/ASUS/Desktop/PdM_workspace/Proyectos/Trabajo_Practico_Final/DAQ_Temp/Drivers/STM32F4xx_HAL_Driver/Src" -I"C:/Users/ASUS/Desktop/PdM_workspace/Proyectos/Trabajo_Practico_Final/DAQ_Temp/Drivers/STM32F4xx_HAL_Driver/Inc" -I"C:/Users/ASUS/Desktop/PdM_workspace/Proyectos/Trabajo_Practico_Final/DAQ_Temp/Drivers/Utilities" -I"C:/Users/ASUS/Desktop/PdM_workspace/Proyectos/Trabajo_Practico_Final/DAQ_Temp/Drivers/Utilities/Src" -I"C:/Users/ASUS/Desktop/PdM_workspace/Proyectos/Trabajo_Practico_Final/DAQ_Temp/Drivers/Utilities/Inc" -O0 -ffunction-sections -fdata-sections -Wall -u _printf_float -fstack-usage -fcyclomatic-complexity -MMD -MP -MF"Drivers/STM32F4xx_HAL_Driver/Src/stm32f4xx_hal_spi.d" -MT"Drivers/STM32F4xx_HAL_Driver/Src/stm32f4xx_hal_spi.o" --specs=nano.specs -mfpu=fpv4-sp-d16 -mfloat-abi=hard -mthumb -o "Drivers/STM32F4xx_HAL_Driver/Src/stm32f4xx_hal_spi.o"
arm-none-eabi-gcc "../Drivers/STM32F4xx_HAL_Driver/Src/stm32f4xx_hal_tim.c" -mcpu=cortex-m4 -std=gnu11 -g3 -DDEBUG -DUSE_HAL_DRIVER -DSTM32F439xx -c -I../Core/Inc -I../Drivers/STM32F4xx_HAL_Driver/Inc -I../Drivers/STM32F4xx_HAL_Driver/Inc/Legacy -I../Drivers/CMSIS/Device/ST/STM32F4xx/Include -I../Drivers/CMSIS/Include -I"C:/Users/ASUS/Desktop/PdM_workspace/Proyectos/Trabajo_Practico_Final/DAQ_Temp/Drivers/API" -I"C:/Users/ASUS/Desktop/PdM_workspace/Proyectos/Trabajo_Practico_Final/DAQ_Temp/Drivers/API/Inc" -I"C:/Users/ASUS/Desktop/PdM_workspace/Proyectos/Trabajo_Practico_Final/DAQ_Temp/Drivers/STM32F4xx_HAL_Driver" -I"C:/Users/ASUS/Desktop/PdM_workspace/Proyectos/Trabajo_Practico_Final/DAQ_Temp/Drivers/STM32F4xx_HAL_Driver/Src" -I"C:/Users/ASUS/Desktop/PdM_workspace/Proyectos/Trabajo_Practico_Final/DAQ_Temp/Drivers/STM32F4xx_HAL_Driver/Inc" -I"C:/Users/ASUS/Desktop/PdM_workspace/Proyectos/Trabajo_Practico_Final/DAQ_Temp/Drivers/Utilities" -I"C:/Users/ASUS/Desktop/PdM_workspace/Proyectos/Trabajo_Practico_Final/DAQ_Temp/Drivers/Utilities/Src" -I"C:/Users/ASUS/Desktop/PdM_workspace/Proyectos/Trabajo_Practico_Final/DAQ_Temp/Drivers/Utilities/Inc" -O0 -ffunction-sections -fdata-sections -Wall -u _printf_float -fstack-usage -fcyclomatic-complexity -MMD -MP -MF"Drivers/STM32F4xx_HAL_Driver/Src/stm32f4xx_hal_tim.d" -MT"Drivers/STM32F4xx_HAL_Driver/Src/stm32f4xx_hal_tim.o" --specs=nano.specs -mfpu=fpv4-sp-d16 -mfloat-abi=hard -mthumb -o "Drivers/STM32F4xx_HAL_Driver/Src/stm32f4xx_hal_tim.o"
arm-none-eabi-gcc "../Drivers/STM32F4xx_HAL_Driver/Src/stm32f4xx_hal_tim_ex.c" -mcpu=cortex-m4 -std=gnu11 -g3 -DDEBUG -DUSE_HAL_DRIVER -DSTM32F439xx -c -I../Core/Inc -I../Drivers/STM32F4xx_HAL_Driver/Inc -I../Drivers/STM32F4xx_HAL_Driver/Inc/Legacy -I../Drivers/CMSIS/Device/ST/STM32F4xx/Include -I../Drivers/CMSIS/Include -I"C:/Users/ASUS/Desktop/PdM_workspace/Proyectos/Trabajo_Practico_Final/DAQ_Temp/Drivers/API" -I"C:/Users/ASUS/Desktop/PdM_workspace/Proyectos/Trabajo_Practico_Final/DAQ_Temp/Drivers/API/Inc" -I"C:/Users/ASUS/Desktop/PdM_workspace/Proyectos/Trabajo_Practico_Final/DAQ_Temp/Drivers/STM32F4xx_HAL_Driver" -I"C:/Users/ASUS/Desktop/PdM_workspace/Proyectos/Trabajo_Practico_Final/DAQ_Temp/Drivers/STM32F4xx_HAL_Driver/Src" -I"C:/Users/ASUS/Desktop/PdM_workspace/Proyectos/Trabajo_Practico_Final/DAQ_Temp/Drivers/STM32F4xx_HAL_Driver/Inc" -I"C:/Users/ASUS/Desktop/PdM_workspace/Proyectos/Trabajo_Practico_Final/DAQ_Temp/Drivers/Utilities" -I"C:/Users/ASUS/Desktop/PdM_workspace/Proyectos/Trabajo_Practico_Final/DAQ_Temp/Drivers/Utilities/Src" -I"C:/Users/ASUS/Desktop/PdM_workspace/Proyectos/Trabajo_Practico_Final/DAQ_Temp/Drivers/Utilities/Inc" -O0 -ffunction-sections -fdata-sections -Wall -u _printf_float -fstack-usage -fcyclomatic-complexity -MMD -MP -MF"Drivers/STM32F4xx_HAL_Driver/Src/stm32f4xx_hal_tim_ex.d" -MT"Drivers/STM32F4xx_HAL_Driver/Src/stm32f4xx_hal_tim_ex.o" --specs=nano.specs -mfpu=fpv4-sp-d16 -mfloat-abi=hard -mthumb -o "Drivers/STM32F4xx_HAL_Driver/Src/stm32f4xx_hal_tim_ex.o"
arm-none-eabi-gcc "../Drivers/STM32F4xx_HAL_Driver/Src/stm32f4xx_hal_uart.c" -mcpu=cortex-m4 -std=gnu11 -g3 -DDEBUG -DUSE_HAL_DRIVER -DSTM32F439xx -c -I../Core/Inc -I../Drivers/STM32F4xx_HAL_Driver/Inc -I../Drivers/STM32F4xx_HAL_Driver/Inc/Legacy -I../Drivers/CMSIS/Device/ST/STM32F4xx/Include -I../Drivers/CMSIS/Include -I"C:/Users/ASUS/Desktop/PdM_workspace/Proyectos/Trabajo_Practico_Final/DAQ_Temp/Drivers/API" -I"C:/Users/ASUS/Desktop/PdM_workspace/Proyectos/Trabajo_Practico_Final/DAQ_Temp/Drivers/API/Inc" -I"C:/Users/ASUS/Desktop/PdM_workspace/Proyectos/Trabajo_Practico_Final/DAQ_Temp/Drivers/STM32F4xx_HAL_Driver" -I"C:/Users/ASUS/Desktop/PdM_workspace/Proyectos/Trabajo_Practico_Final/DAQ_Temp/Drivers/STM32F4xx_HAL_Driver/Src" -I"C:/Users/ASUS/Desktop/PdM_workspace/Proyectos/Trabajo_Practico_Final/DAQ_Temp/Drivers/STM32F4xx_HAL_Driver/Inc" -I"C:/Users/ASUS/Desktop/PdM_workspace/Proyectos/Trabajo_Practico_Final/DAQ_Temp/Drivers/Utilities" -I"C:/Users/ASUS/Desktop/PdM_workspace/Proyectos/Trabajo_Practico_Final/DAQ_Temp/Drivers/Utilities/Src" -I"C:/Users/ASUS/Desktop/PdM_workspace/Proyectos/Trabajo_Practico_Final/DAQ_Temp/Drivers/Utilities/Inc" -O0 -ffunction-sections -fdata-sections -Wall -u _printf_float -fstack-usage -fcyclomatic-complexity -MMD -MP -MF"Drivers/STM32F4xx_HAL_Driver/Src/stm32f4xx_hal_uart.d" -MT"Drivers/STM32F4xx_HAL_Driver/Src/stm32f4xx_hal_uart.o" --specs=nano.specs -mfpu=fpv4-sp-d16 -mfloat-abi=hard -mthumb -o "Drivers/STM32F4xx_HAL_Driver/Src/stm32f4xx_hal_uart.o"
arm-none-eabi-gcc "../Drivers/API/Src/API_debounce.c" -mcpu=cortex-m4 -std=gnu11 -g3 -DDEBUG -DUSE_HAL_DRIVER -DSTM32F439xx -c -I../Core/Inc -I../Drivers/STM32F4xx_HAL_Driver/Inc -I../Drivers/STM32F4xx_HAL_Driver/Inc/Legacy -I../Drivers/CMSIS/Device/ST/STM32F4xx/Include -I../Drivers/CMSIS/Include -I"C:/Users/ASUS/Desktop/PdM_workspace/Proyectos/Trabajo_Practico_Final/DAQ_Temp/Drivers/API" -I"C:/Users/ASUS/Desktop/PdM_workspace/Proyectos/Trabajo_Practico_Final/DAQ_Temp/Drivers/API/Inc" -I"C:/Users/ASUS/Desktop/PdM_workspace/Proyectos/Trabajo_Practico_Final/DAQ_Temp/Drivers/STM32F4xx_HAL_Driver" -I"C:/Users/ASUS/Desktop/PdM_workspace/Proyectos/Trabajo_Practico_Final/DAQ_Temp/Drivers/STM32F4xx_HAL_Driver/Src" -I"C:/Users/ASUS/Desktop/PdM_workspace/Proyectos/Trabajo_Practico_Final/DAQ_Temp/Drivers/STM32F4xx_HAL_Driver/Inc" -I"C:/Users/ASUS/Desktop/PdM_workspace/Proyectos/Trabajo_Practico_Final/DAQ_Temp/Drivers/Utilities" -I"C:/Users/ASUS/Desktop/PdM_workspace/Proyectos/Trabajo_Practico_Final/DAQ_Temp/Drivers/Utilities/Src" -I"C:/Users/ASUS/Desktop/PdM_workspace/Proyectos/Trabajo_Practico_Final/DAQ_Temp/Drivers/Utilities/Inc" -O0 -ffunction-sections -fdata-sections -Wall -u _printf_float -fstack-usage -fcyclomatic-complexity -MMD -MP -MF"Drivers/API/Src/API_debounce.d" -MT"Drivers/API/Src/API_debounce.o" --specs=nano.specs -mfpu=fpv4-sp-d16 -mfloat-abi=hard -mthumb -o "Drivers/API/Src/API_debounce.o"
arm-none-eabi-gcc "../Drivers/API/Src/API_delay.c" -mcpu=cortex-m4 -std=gnu11 -g3 -DDEBUG -DUSE_HAL_DRIVER -DSTM32F439xx -c -I../Core/Inc -I../Drivers/STM32F4xx_HAL_Driver/Inc -I../Drivers/STM32F4xx_HAL_Driver/Inc/Legacy -I../Drivers/CMSIS/Device/ST/STM32F4xx/Include -I../Drivers/CMSIS/Include -I"C:/Users/ASUS/Desktop/PdM_workspace/Proyectos/Trabajo_Practico_Final/DAQ_Temp/Drivers/API" -I"C:/Users/ASUS/Desktop/PdM_workspace/Proyectos/Trabajo_Practico_Final/DAQ_Temp/Drivers/API/Inc" -I"C:/Users/ASUS/Desktop/PdM_workspace/Proyectos/Trabajo_Practico_Final/DAQ_Temp/Drivers/STM32F4xx_HAL_Driver" -I"C:/Users/ASUS/Desktop/PdM_workspace/Proyectos/Trabajo_Practico_Final/DAQ_Temp/Drivers/STM32F4xx_HAL_Driver/Src" -I"C:/Users/ASUS/Desktop/PdM_workspace/Proyectos/Trabajo_Practico_Final/DAQ_Temp/Drivers/STM32F4xx_HAL_Driver/Inc" -I"C:/Users/ASUS/Desktop/PdM_workspace/Proyectos/Trabajo_Practico_Final/DAQ_Temp/Drivers/Utilities" -I"C:/Users/ASUS/Desktop/PdM_workspace/Proyectos/Trabajo_Practico_Final/DAQ_Temp/Drivers/Utilities/Src" -I"C:/Users/ASUS/Desktop/PdM_workspace/Proyectos/Trabajo_Practico_Final/DAQ_Temp/Drivers/Utilities/Inc" -O0 -ffunction-sections -fdata-sections -Wall -u _printf_float -fstack-usage -fcyclomatic-complexity -MMD -MP -MF"Drivers/API/Src/API_delay.d" -MT"Drivers/API/Src/API_delay.o" --specs=nano.specs -mfpu=fpv4-sp-d16 -mfloat-abi=hard -mthumb -o "Drivers/API/Src/API_delay.o"
arm-none-eabi-gcc "../Drivers/API/Src/FINITE_STATE_MACHINE.c" -mcpu=cortex-m4 -std=gnu11 -g3 -DDEBUG -DUSE_HAL_DRIVER -DSTM32F439xx -c -I../Core/Inc -I../Drivers/STM32F4xx_HAL_Driver/Inc -I../Drivers/STM32F4xx_HAL_Driver/Inc/Legacy -I../Drivers/CMSIS/Device/ST/STM32F4xx/Include -I../Drivers/CMSIS/Include -I"C:/Users/ASUS/Desktop/PdM_workspace/Proyectos/Trabajo_Practico_Final/DAQ_Temp/Drivers/API" -I"C:/Users/ASUS/Desktop/PdM_workspace/Proyectos/Trabajo_Practico_Final/DAQ_Temp/Drivers/API/Inc" -I"C:/Users/ASUS/Desktop/PdM_workspace/Proyectos/Trabajo_Practico_Final/DAQ_Temp/Drivers/STM32F4xx_HAL_Driver" -I"C:/Users/ASUS/Desktop/PdM_workspace/Proyectos/Trabajo_Practico_Final/DAQ_Temp/Drivers/STM32F4xx_HAL_Driver/Src" -I"C:/Users/ASUS/Desktop/PdM_workspace/Proyectos/Trabajo_Practico_Final/DAQ_Temp/Drivers/STM32F4xx_HAL_Driver/Inc" -I"C:/Users/ASUS/Desktop/PdM_workspace/Proyectos/Trabajo_Practico_Final/DAQ_Temp/Drivers/Utilities" -I"C:/Users/ASUS/Desktop/PdM_workspace/Proyectos/Trabajo_Practico_Final/DAQ_Temp/Drivers/Utilities/Src" -I"C:/Users/ASUS/Desktop/PdM_workspace/Proyectos/Trabajo_Practico_Final/DAQ_Temp/Drivers/Utilities/Inc" -O0 -ffunction-sections -fdata-sections -Wall -u _printf_float -fstack-usage -fcyclomatic-complexity -MMD -MP -MF"Drivers/API/Src/FINITE_STATE_MACHINE.d" -MT"Drivers/API/Src/FINITE_STATE_MACHINE.o" --specs=nano.specs -mfpu=fpv4-sp-d16 -mfloat-abi=hard -mthumb -o "Drivers/API/Src/FINITE_STATE_MACHINE.o"
arm-none-eabi-gcc "../Drivers/API/Src/MAX31865_lib.c" -mcpu=cortex-m4 -std=gnu11 -g3 -DDEBUG -DUSE_HAL_DRIVER -DSTM32F439xx -c -I../Core/Inc -I../Drivers/STM32F4xx_HAL_Driver/Inc -I../Drivers/STM32F4xx_HAL_Driver/Inc/Legacy -I../Drivers/CMSIS/Device/ST/STM32F4xx/Include -I../Drivers/CMSIS/Include -I"C:/Users/ASUS/Desktop/PdM_workspace/Proyectos/Trabajo_Practico_Final/DAQ_Temp/Drivers/API" -I"C:/Users/ASUS/Desktop/PdM_workspace/Proyectos/Trabajo_Practico_Final/DAQ_Temp/Drivers/API/Inc" -I"C:/Users/ASUS/Desktop/PdM_workspace/Proyectos/Trabajo_Practico_Final/DAQ_Temp/Drivers/STM32F4xx_HAL_Driver" -I"C:/Users/ASUS/Desktop/PdM_workspace/Proyectos/Trabajo_Practico_Final/DAQ_Temp/Drivers/STM32F4xx_HAL_Driver/Src" -I"C:/Users/ASUS/Desktop/PdM_workspace/Proyectos/Trabajo_Practico_Final/DAQ_Temp/Drivers/STM32F4xx_HAL_Driver/Inc" -I"C:/Users/ASUS/Desktop/PdM_workspace/Proyectos/Trabajo_Practico_Final/DAQ_Temp/Drivers/Utilities" -I"C:/Users/ASUS/Desktop/PdM_workspace/Proyectos/Trabajo_Practico_Final/DAQ_Temp/Drivers/Utilities/Src" -I"C:/Users/ASUS/Desktop/PdM_workspace/Proyectos/Trabajo_Practico_Final/DAQ_Temp/Drivers/Utilities/Inc" -O0 -ffunction-sections -fdata-sections -Wall -u _printf_float -fstack-usage -fcyclomatic-complexity -MMD -MP -MF"Drivers/API/Src/MAX31865_lib.d" -MT"Drivers/API/Src/MAX31865_lib.o" --specs=nano.specs -mfpu=fpv4-sp-d16 -mfloat-abi=hard -mthumb -o "Drivers/API/Src/MAX31865_lib.o"
arm-none-eabi-gcc "../Drivers/API/Src/SPI.c" -mcpu=cortex-m4 -std=gnu11 -g3 -DDEBUG -DUSE_HAL_DRIVER -DSTM32F439xx -c -I../Core/Inc -I../Drivers/STM32F4xx_HAL_Driver/Inc -I../Drivers/STM32F4xx_HAL_Driver/Inc/Legacy -I../Drivers/CMSIS/Device/ST/STM32F4xx/Include -I../Drivers/CMSIS/Include -I"C:/Users/ASUS/Desktop/PdM_workspace/Proyectos/Trabajo_Practico_Final/DAQ_Temp/Drivers/API" -I"C:/Users/ASUS/Desktop/PdM_workspace/Proyectos/Trabajo_Practico_Final/DAQ_Temp/Drivers/API/Inc" -I"C:/Users/ASUS/Desktop/PdM_workspace/Proyectos/Trabajo_Practico_Final/DAQ_Temp/Drivers/STM32F4xx_HAL_Driver" -I"C:/Users/ASUS/Desktop/PdM_workspace/Proyectos/Trabajo_Practico_Final/DAQ_Temp/Drivers/STM32F4xx_HAL_Driver/Src" -I"C:/Users/ASUS/Desktop/PdM_workspace/Proyectos/Trabajo_Practico_Final/DAQ_Temp/Drivers/STM32F4xx_HAL_Driver/Inc" -I"C:/Users/ASUS/Desktop/PdM_workspace/Proyectos/Trabajo_Practico_Final/DAQ_Temp/Drivers/Utilities" -I"C:/Users/ASUS/Desktop/PdM_workspace/Proyectos/Trabajo_Practico_Final/DAQ_Temp/Drivers/Utilities/Src" -I"C:/Users/ASUS/Desktop/PdM_workspace/Proyectos/Trabajo_Practico_Final/DAQ_Temp/Drivers/Utilities/Inc" -O0 -ffunction-sections -fdata-sections -Wall -u _printf_float -fstack-usage -fcyclomatic-complexity -MMD -MP -MF"Drivers/API/Src/SPI.d" -MT"Drivers/API/Src/SPI.o" --specs=nano.specs -mfpu=fpv4-sp-d16 -mfloat-abi=hard -mthumb -o "Drivers/API/Src/SPI.o"
arm-none-eabi-gcc "../Drivers/API/Src/UART.c" -mcpu=cortex-m4 -std=gnu11 -g3 -DDEBUG -DUSE_HAL_DRIVER -DSTM32F439xx -c -I../Core/Inc -I../Drivers/STM32F4xx_HAL_Driver/Inc -I../Drivers/STM32F4xx_HAL_Driver/Inc/Legacy -I../Drivers/CMSIS/Device/ST/STM32F4xx/Include -I../Drivers/CMSIS/Include -I"C:/Users/ASUS/Desktop/PdM_workspace/Proyectos/Trabajo_Practico_Final/DAQ_Temp/Drivers/API" -I"C:/Users/ASUS/Desktop/PdM_workspace/Proyectos/Trabajo_Practico_Final/DAQ_Temp/Drivers/API/Inc" -I"C:/Users/ASUS/Desktop/PdM_workspace/Proyectos/Trabajo_Practico_Final/DAQ_Temp/Drivers/STM32F4xx_HAL_Driver" -I"C:/Users/ASUS/Desktop/PdM_workspace/Proyectos/Trabajo_Practico_Final/DAQ_Temp/Drivers/STM32F4xx_HAL_Driver/Src" -I"C:/Users/ASUS/Desktop/PdM_workspace/Proyectos/Trabajo_Practico_Final/DAQ_Temp/Drivers/STM32F4xx_HAL_Driver/Inc" -I"C:/Users/ASUS/Desktop/PdM_workspace/Proyectos/Trabajo_Practico_Final/DAQ_Temp/Drivers/Utilities" -I"C:/Users/ASUS/Desktop/PdM_workspace/Proyectos/Trabajo_Practico_Final/DAQ_Temp/Drivers/Utilities/Src" -I"C:/Users/ASUS/Desktop/PdM_workspace/Proyectos/Trabajo_Practico_Final/DAQ_Temp/Drivers/Utilities/Inc" -O0 -ffunction-sections -fdata-sections -Wall -u _printf_float -fstack-usage -fcyclomatic-complexity -MMD -MP -MF"Drivers/API/Src/UART.d" -MT"Drivers/API/Src/UART.o" --specs=nano.specs -mfpu=fpv4-sp-d16 -mfloat-abi=hard -mthumb -o "Drivers/API/Src/UART.o"
arm-none-eabi-gcc -mcpu=cortex-m4 -g3 -DDEBUG -c -I"C:/Users/ASUS/Desktop/PdM_workspace/Proyectos/Trabajo_Practico_Final/DAQ_Temp/Drivers/API" -I"C:/Users/ASUS/Desktop/PdM_workspace/Proyectos/Trabajo_Practico_Final/DAQ_Temp/Drivers/API/Inc" -I"C:/Users/ASUS/Desktop/PdM_workspace/Proyectos/Trabajo_Practico_Final/DAQ_Temp/Drivers/STM32F4xx_HAL_Driver" -I"C:/Users/ASUS/Desktop/PdM_workspace/Proyectos/Trabajo_Practico_Final/DAQ_Temp/Drivers/STM32F4xx_HAL_Driver/Inc" -I"C:/Users/ASUS/Desktop/PdM_workspace/Proyectos/Trabajo_Practico_Final/DAQ_Temp/Drivers/STM32F4xx_HAL_Driver/Src" -I"C:/Users/ASUS/Desktop/PdM_workspace/Proyectos/Trabajo_Practico_Final/DAQ_Temp/Drivers/Utilities" -I"C:/Users/ASUS/Desktop/PdM_workspace/Proyectos/Trabajo_Practico_Final/DAQ_Temp/Drivers/Utilities/Src" -I"C:/Users/ASUS/Desktop/PdM_workspace/Proyectos/Trabajo_Practico_Final/DAQ_Temp/Drivers/Utilities/Inc" -x assembler-with-cpp -MMD -MP -MF"Core/Startup/startup_stm32f439zitx.d" -MT"Core/Startup/startup_stm32f439zitx.o" --specs=nano.specs -mfpu=fpv4-sp-d16 -mfloat-abi=hard -mthumb -o "Core/Startup/startup_stm32f439zitx.o" "../Core/Startup/startup_stm32f439zitx.s"
arm-none-eabi-gcc "../Core/Src/main.c" -mcpu=cortex-m4 -std=gnu11 -g3 -DDEBUG -DUSE_HAL_DRIVER -DSTM32F439xx -c -I../Core/Inc -I../Drivers/STM32F4xx_HAL_Driver/Inc -I../Drivers/STM32F4xx_HAL_Driver/Inc/Legacy -I../Drivers/CMSIS/Device/ST/STM32F4xx/Include -I../Drivers/CMSIS/Include -I"C:/Users/ASUS/Desktop/PdM_workspace/Proyectos/Trabajo_Practico_Final/DAQ_Temp/Drivers/API" -I"C:/Users/ASUS/Desktop/PdM_workspace/Proyectos/Trabajo_Practico_Final/DAQ_Temp/Drivers/API/Inc" -I"C:/Users/ASUS/Desktop/PdM_workspace/Proyectos/Trabajo_Practico_Final/DAQ_Temp/Drivers/STM32F4xx_HAL_Driver" -I"C:/Users/ASUS/Desktop/PdM_workspace/Proyectos/Trabajo_Practico_Final/DAQ_Temp/Drivers/STM32F4xx_HAL_Driver/Src" -I"C:/Users/ASUS/Desktop/PdM_workspace/Proyectos/Trabajo_Practico_Final/DAQ_Temp/Drivers/STM32F4xx_HAL_Driver/Inc" -I"C:/Users/ASUS/Desktop/PdM_workspace/Proyectos/Trabajo_Practico_Final/DAQ_Temp/Drivers/Utilities" -I"C:/Users/ASUS/Desktop/PdM_workspace/Proyectos/Trabajo_Practico_Final/DAQ_Temp/Drivers/Utilities/Src" -I"C:/Users/ASUS/Desktop/PdM_workspace/Proyectos/Trabajo_Practico_Final/DAQ_Temp/Drivers/Utilities/Inc" -O0 -ffunction-sections -fdata-sections -Wall -u _printf_float -fstack-usage -fcyclomatic-complexity -MMD -MP -MF"Core/Src/main.d" -MT"Core/Src/main.o" --specs=nano.specs -mfpu=fpv4-sp-d16 -mfloat-abi=hard -mthumb -o "Core/Src/main.o"
arm-none-eabi-gcc "../Core/Src/stm32f4xx_hal_msp.c" -mcpu=cortex-m4 -std=gnu11 -g3 -DDEBUG -DUSE_HAL_DRIVER -DSTM32F439xx -c -I../Core/Inc -I../Drivers/STM32F4xx_HAL_Driver/Inc -I../Drivers/STM32F4xx_HAL_Driver/Inc/Legacy -I../Drivers/CMSIS/Device/ST/STM32F4xx/Include -I../Drivers/CMSIS/Include -I"C:/Users/ASUS/Desktop/PdM_workspace/Proyectos/Trabajo_Practico_Final/DAQ_Temp/Drivers/API" -I"C:/Users/ASUS/Desktop/PdM_workspace/Proyectos/Trabajo_Practico_Final/DAQ_Temp/Drivers/API/Inc" -I"C:/Users/ASUS/Desktop/PdM_workspace/Proyectos/Trabajo_Practico_Final/DAQ_Temp/Drivers/STM32F4xx_HAL_Driver" -I"C:/Users/ASUS/Desktop/PdM_workspace/Proyectos/Trabajo_Practico_Final/DAQ_Temp/Drivers/STM32F4xx_HAL_Driver/Src" -I"C:/Users/ASUS/Desktop/PdM_workspace/Proyectos/Trabajo_Practico_Final/DAQ_Temp/Drivers/STM32F4xx_HAL_Driver/Inc" -I"C:/Users/ASUS/Desktop/PdM_workspace/Proyectos/Trabajo_Practico_Final/DAQ_Temp/Drivers/Utilities" -I"C:/Users/ASUS/Desktop/PdM_workspace/Proyectos/Trabajo_Practico_Final/DAQ_Temp/Drivers/Utilities/Src" -I"C:/Users/ASUS/Desktop/PdM_workspace/Proyectos/Trabajo_Practico_Final/DAQ_Temp/Drivers/Utilities/Inc" -O0 -ffunction-sections -fdata-sections -Wall -u _printf_float -fstack-usage -fcyclomatic-complexity -MMD -MP -MF"Core/Src/stm32f4xx_hal_msp.d" -MT"Core/Src/stm32f4xx_hal_msp.o" --specs=nano.specs -mfpu=fpv4-sp-d16 -mfloat-abi=hard -mthumb -o "Core/Src/stm32f4xx_hal_msp.o"
arm-none-eabi-gcc "../Core/Src/stm32f4xx_it.c" -mcpu=cortex-m4 -std=gnu11 -g3 -DDEBUG -DUSE_HAL_DRIVER -DSTM32F439xx -c -I../Core/Inc -I../Drivers/STM32F4xx_HAL_Driver/Inc -I../Drivers/STM32F4xx_HAL_Driver/Inc/Legacy -I../Drivers/CMSIS/Device/ST/STM32F4xx/Include -I../Drivers/CMSIS/Include -I"C:/Users/ASUS/Desktop/PdM_workspace/Proyectos/Trabajo_Practico_Final/DAQ_Temp/Drivers/API" -I"C:/Users/ASUS/Desktop/PdM_workspace/Proyectos/Trabajo_Practico_Final/DAQ_Temp/Drivers/API/Inc" -I"C:/Users/ASUS/Desktop/PdM_workspace/Proyectos/Trabajo_Practico_Final/DAQ_Temp/Drivers/STM32F4xx_HAL_Driver" -I"C:/Users/ASUS/Desktop/PdM_workspace/Proyectos/Trabajo_Practico_Final/DAQ_Temp/Drivers/STM32F4xx_HAL_Driver/Src" -I"C:/Users/ASUS/Desktop/PdM_workspace/Proyectos/Trabajo_Practico_Final/DAQ_Temp/Drivers/STM32F4xx_HAL_Driver/Inc" -I"C:/Users/ASUS/Desktop/PdM_workspace/Proyectos/Trabajo_Practico_Final/DAQ_Temp/Drivers/Utilities" -I"C:/Users/ASUS/Desktop/PdM_workspace/Proyectos/Trabajo_Practico_Final/DAQ_Temp/Drivers/Utilities/Src" -I"C:/Users/ASUS/Desktop/PdM_workspace/Proyectos/Trabajo_Practico_Final/DAQ_Temp/Drivers/Utilities/Inc" -O0 -ffunction-sections -fdata-sections -Wall -u _printf_float -fstack-usage -fcyclomatic-complexity -MMD -MP -MF"Core/Src/stm32f4xx_it.d" -MT"Core/Src/stm32f4xx_it.o" --specs=nano.specs -mfpu=fpv4-sp-d16 -mfloat-abi=hard -mthumb -o "Core/Src/stm32f4xx_it.o"
arm-none-eabi-gcc "../Core/Src/syscalls.c" -mcpu=cortex-m4 -std=gnu11 -g3 -DDEBUG -DUSE_HAL_DRIVER -DSTM32F439xx -c -I../Core/Inc -I../Drivers/STM32F4xx_HAL_Driver/Inc -I../Drivers/STM32F4xx_HAL_Driver/Inc/Legacy -I../Drivers/CMSIS/Device/ST/STM32F4xx/Include -I../Drivers/CMSIS/Include -I"C:/Users/ASUS/Desktop/PdM_workspace/Proyectos/Trabajo_Practico_Final/DAQ_Temp/Drivers/API" -I"C:/Users/ASUS/Desktop/PdM_workspace/Proyectos/Trabajo_Practico_Final/DAQ_Temp/Drivers/API/Inc" -I"C:/Users/ASUS/Desktop/PdM_workspace/Proyectos/Trabajo_Practico_Final/DAQ_Temp/Drivers/STM32F4xx_HAL_Driver" -I"C:/Users/ASUS/Desktop/PdM_workspace/Proyectos/Trabajo_Practico_Final/DAQ_Temp/Drivers/STM32F4xx_HAL_Driver/Src" -I"C:/Users/ASUS/Desktop/PdM_workspace/Proyectos/Trabajo_Practico_Final/DAQ_Temp/Drivers/STM32F4xx_HAL_Driver/Inc" -I"C:/Users/ASUS/Desktop/PdM_workspace/Proyectos/Trabajo_Practico_Final/DAQ_Temp/Drivers/Utilities" -I"C:/Users/ASUS/Desktop/PdM_workspace/Proyectos/Trabajo_Practico_Final/DAQ_Temp/Drivers/Utilities/Src" -I"C:/Users/ASUS/Desktop/PdM_workspace/Proyectos/Trabajo_Practico_Final/DAQ_Temp/Drivers/Utilities/Inc" -O0 -ffunction-sections -fdata-sections -Wall -u _printf_float -fstack-usage -fcyclomatic-complexity -MMD -MP -MF"Core/Src/syscalls.d" -MT"Core/Src/syscalls.o" --specs=nano.specs -mfpu=fpv4-sp-d16 -mfloat-abi=hard -mthumb -o "Core/Src/syscalls.o"
arm-none-eabi-gcc "../Core/Src/sysmem.c" -mcpu=cortex-m4 -std=gnu11 -g3 -DDEBUG -DUSE_HAL_DRIVER -DSTM32F439xx -c -I../Core/Inc -I../Drivers/STM32F4xx_HAL_Driver/Inc -I../Drivers/STM32F4xx_HAL_Driver/Inc/Legacy -I../Drivers/CMSIS/Device/ST/STM32F4xx/Include -I../Drivers/CMSIS/Include -I"C:/Users/ASUS/Desktop/PdM_workspace/Proyectos/Trabajo_Practico_Final/DAQ_Temp/Drivers/API" -I"C:/Users/ASUS/Desktop/PdM_workspace/Proyectos/Trabajo_Practico_Final/DAQ_Temp/Drivers/API/Inc" -I"C:/Users/ASUS/Desktop/PdM_workspace/Proyectos/Trabajo_Practico_Final/DAQ_Temp/Drivers/STM32F4xx_HAL_Driver" -I"C:/Users/ASUS/Desktop/PdM_workspace/Proyectos/Trabajo_Practico_Final/DAQ_Temp/Drivers/STM32F4xx_HAL_Driver/Src" -I"C:/Users/ASUS/Desktop/PdM_workspace/Proyectos/Trabajo_Practico_Final/DAQ_Temp/Drivers/STM32F4xx_HAL_Driver/Inc" -I"C:/Users/ASUS/Desktop/PdM_workspace/Proyectos/Trabajo_Practico_Final/DAQ_Temp/Drivers/Utilities" -I"C:/Users/ASUS/Desktop/PdM_workspace/Proyectos/Trabajo_Practico_Final/DAQ_Temp/Drivers/Utilities/Src" -I"C:/Users/ASUS/Desktop/PdM_workspace/Proyectos/Trabajo_Practico_Final/DAQ_Temp/Drivers/Utilities/Inc" -O0 -ffunction-sections -fdata-sections -Wall -u _printf_float -fstack-usage -fcyclomatic-complexity -MMD -MP -MF"Core/Src/sysmem.d" -MT"Core/Src/sysmem.o" --specs=nano.specs -mfpu=fpv4-sp-d16 -mfloat-abi=hard -mthumb -o "Core/Src/sysmem.o"
arm-none-eabi-gcc "../Core/Src/system_stm32f4xx.c" -mcpu=cortex-m4 -std=gnu11 -g3 -DDEBUG -DUSE_HAL_DRIVER -DSTM32F439xx -c -I../Core/Inc -I../Drivers/STM32F4xx_HAL_Driver/Inc -I../Drivers/STM32F4xx_HAL_Driver/Inc/Legacy -I../Drivers/CMSIS/Device/ST/STM32F4xx/Include -I../Drivers/CMSIS/Include -I"C:/Users/ASUS/Desktop/PdM_workspace/Proyectos/Trabajo_Practico_Final/DAQ_Temp/Drivers/API" -I"C:/Users/ASUS/Desktop/PdM_workspace/Proyectos/Trabajo_Practico_Final/DAQ_Temp/Drivers/API/Inc" -I"C:/Users/ASUS/Desktop/PdM_workspace/Proyectos/Trabajo_Practico_Final/DAQ_Temp/Drivers/STM32F4xx_HAL_Driver" -I"C:/Users/ASUS/Desktop/PdM_workspace/Proyectos/Trabajo_Practico_Final/DAQ_Temp/Drivers/STM32F4xx_HAL_Driver/Src" -I"C:/Users/ASUS/Desktop/PdM_workspace/Proyectos/Trabajo_Practico_Final/DAQ_Temp/Drivers/STM32F4xx_HAL_Driver/Inc" -I"C:/Users/ASUS/Desktop/PdM_workspace/Proyectos/Trabajo_Practico_Final/DAQ_Temp/Drivers/Utilities" -I"C:/Users/ASUS/Desktop/PdM_workspace/Proyectos/Trabajo_Practico_Final/DAQ_Temp/Drivers/Utilities/Src" -I"C:/Users/ASUS/Desktop/PdM_workspace/Proyectos/Trabajo_Practico_Final/DAQ_Temp/Drivers/Utilities/Inc" -O0 -ffunction-sections -fdata-sections -Wall -u _printf_float -fstack-usage -fcyclomatic-complexity -MMD -MP -MF"Core/Src/system_stm32f4xx.d" -MT"Core/Src/system_stm32f4xx.o" --specs=nano.specs -mfpu=fpv4-sp-d16 -mfloat-abi=hard -mthumb -o "Core/Src/system_stm32f4xx.o"
arm-none-eabi-gcc -o "DAQ_Temp.elf" @"objects.list"   -mcpu=cortex-m4 -T"C:\Users\ASUS\Desktop\PdM_workspace\Proyectos\Trabajo_Practico_Final\DAQ_Temp\STM32F439ZITX_FLASH.ld" --specs=nosys.specs -Wl,-Map="DAQ_Temp.map" -Wl,--gc-sections -static --specs=nano.specs -mfpu=fpv4-sp-d16 -mfloat-abi=hard -mthumb -Wl,--start-group -lc -lm -Wl,--end-group
Finished building target: DAQ_Temp.elf
 
arm-none-eabi-size  DAQ_Temp.elf 
arm-none-eabi-objdump -h -S DAQ_Temp.elf  > "DAQ_Temp.list"
   text	   data	    bss	    dec	    hex	filename
  22468	    128	   2240	  24836	   6104	DAQ_Temp.elf
Finished building: default.size.stdout
 
Finished building: DAQ_Temp.list
 
