04:26:56 **** Incremental Build of configuration Debug for project Practica_5 ****
make -j8 all 
arm-none-eabi-gcc "../Core/Src/main.c" -mcpu=cortex-m4 -std=gnu11 -g3 -DDEBUG -DUSE_HAL_DRIVER -DSTM32F439xx -c -I../Core/Inc -I../Drivers/STM32F4xx_HAL_Driver/Inc -I../Drivers/STM32F4xx_HAL_Driver/Inc/Legacy -I../Drivers/CMSIS/Device/ST/STM32F4xx/Include -I../Drivers/CMSIS/Include -I"C:/Users/ASUS/Desktop/PdM_workspace/Practicas/Practica_5/Drivers/API" -I"C:/Users/ASUS/Desktop/PdM_workspace/Practicas/Practica_5/Drivers/API/Inc" -I"C:/Users/ASUS/Desktop/PdM_workspace/Practicas/Practica_5/Drivers/API/Src" -I"C:/Users/ASUS/Desktop/PdM_workspace/Practicas/Practica_5/Drivers/BSP" -O0 -ffunction-sections -fdata-sections -Wall -fstack-usage -fcyclomatic-complexity -MMD -MP -MF"Core/Src/main.d" -MT"Core/Src/main.o" --specs=nano.specs -mfpu=fpv4-sp-d16 -mfloat-abi=hard -mthumb -o "Core/Src/main.o"
arm-none-eabi-gcc -o "Practica_5.elf" @"objects.list"   -mcpu=cortex-m4 -T"C:\Users\ASUS\Desktop\PdM_workspace\Practicas\Practica_5\STM32F439ZITX_FLASH.ld" --specs=nosys.specs -Wl,-Map="Practica_5.map" -Wl,--gc-sections -static --specs=nano.specs -mfpu=fpv4-sp-d16 -mfloat-abi=hard -mthumb -Wl,--start-group -lc -lm -Wl,--end-group
C:/ST/STM32CubeIDE_1.14.1/STM32CubeIDE/plugins/com.st.stm32cube.ide.mcu.externaltools.gnu-tools-for-stm32.12.3.rel1.win32_1.0.100.202403111256/tools/bin/../lib/gcc/arm-none-eabi/12.3.1/../../../../arm-none-eabi/bin/ld.exe: warning: Practica_5.elf has a LOAD segment with RWX permissions
Finished building target: Practica_5.elf
 
arm-none-eabi-size  Practica_5.elf 
arm-none-eabi-objdump -h -S Practica_5.elf  > "Practica_5.list"
   text	   data	    bss	    dec	    hex	filename
  14584	    112	   2032	  16728	   4158	Practica_5.elf
Finished building: default.size.stdout
 
Finished building: Practica_5.list
 

04:26:57 Build Finished. 0 errors, 1 warnings. (took 1s.23ms)

