04:33:48 **** Incremental Build of configuration Debug for project Trabajo_Practico_Final ****
make -j8 all 
arm-none-eabi-gcc "../Core/Src/main.c" -mcpu=cortex-m4 -std=gnu11 -g3 -DDEBUG -DUSE_HAL_DRIVER -DSTM32F439xx -c -I../Core/Inc -I../Drivers/STM32F4xx_HAL_Driver/Inc -I../Drivers/STM32F4xx_HAL_Driver/Inc/Legacy -I../Drivers/CMSIS/Device/ST/STM32F4xx/Include -I../Drivers/CMSIS/Include -I"C:/Users/ASUS/Desktop/PdM_workspace/Proyectos/Trabajo_Practico_Final/Drivers/API" -I"C:/Users/ASUS/Desktop/PdM_workspace/Proyectos/Trabajo_Practico_Final/Drivers/API/Inc" -O0 -ffunction-sections -fdata-sections -Wall -fstack-usage -fcyclomatic-complexity -MMD -MP -MF"Core/Src/main.d" -MT"Core/Src/main.o" --specs=nano.specs -mfpu=fpv4-sp-d16 -mfloat-abi=hard -mthumb -o "Core/Src/main.o"
arm-none-eabi-gcc -o "Trabajo_Practico_Final.elf" @"objects.list"   -mcpu=cortex-m4 -T"C:\Users\ASUS\Desktop\PdM_workspace\Proyectos\Trabajo_Practico_Final\STM32F439ZITX_FLASH.ld" --specs=nosys.specs -Wl,-Map="Trabajo_Practico_Final.map" -Wl,--gc-sections -static --specs=nano.specs -mfpu=fpv4-sp-d16 -mfloat-abi=hard -mthumb -Wl,--start-group -lc -lm -Wl,--end-group
Finished building target: Trabajo_Practico_Final.elf
 
arm-none-eabi-size  Trabajo_Practico_Final.elf 
arm-none-eabi-objdump -h -S Trabajo_Practico_Final.elf  > "Trabajo_Practico_Final.list"
   text	   data	    bss	    dec	    hex	filename
  13944	    104	   2056	  16104	   3ee8	Trabajo_Practico_Final.elf
Finished building: default.size.stdout
 
Finished building: Trabajo_Practico_Final.list
 

04:33:49 Build Finished. 0 errors, 0 warnings. (took 767ms)

